// Jest Snapshot v1, https://goo.gl/fbAQLP

exports[`default template matches snapshot 1`] = `
<div
  className="container p-0"
  style={
    Object {
      "borderStyle": "solid",
      "borderWidth": 1,
    }
  }
>
  <div
    className="p-0"
    style={
      Object {
        "borderStyle": Object {
          "borderColor": "#000",
          "borderStyle": "solid",
          "borderWidth": 0.5,
        },
      }
    }
  >
    <div
      className="row"
    >
      <div
        className="col-12 col-md-6"
      >
        <div
          className="p-2 h-100"
          style={
            Object {
              "borderColor": "#000",
              "borderStyle": "solid",
              "borderWidth": 0.5,
            }
          }
        >
          <div>
            <strong>
              1. Name & Address of Shipping Agent/Freight Forwarder
            </strong>
          </div>
          <pre
            className="p-2"
          >
            <div />
            <div />
            <div />
          </pre>
        </div>
      </div>
      <div
        className="col-12 col-md-6"
        style={
          Object {
            "borderColor": "#000",
            "borderStyle": "solid",
            "borderWidth": 0.5,
          }
        }
      >
        <div
          className="d-flex flex-column justify-content-between h-100"
        >
          <div
            className="row m-3"
          >
            <div
              className="col-8 p-2 noParaSpace"
            >
              <p>
                <strong>
                  DEMO CUSTOMS
                </strong>
              </p>
              <p>
                55 Newton Road
              </p>
              <p>
                #07-01 Revenue House
              </p>
              <p>
                Singapore 307987
              </p>
              <p>
                Tel : 6355 2000
              </p>
            </div>
          </div>
          <div
            className="align-self-center"
          >
            <div
              className="text-center p-2"
            >
              <strong>
                CERTIFICATE OF NON-MANIPULATION
              </strong>
            </div>
            <div
              className="text-center p-2"
            >
              No. 
            </div>
          </div>
        </div>
      </div>
    </div>
    <div
      className="row"
    >
      <div
        className="p-2 w-100"
        style={
          Object {
            "borderColor": "#000",
            "borderStyle": "solid",
            "borderWidth": 0.5,
          }
        }
      >
        <strong>
          2. Details of Consignment
        </strong>
      </div>
      <div
        className="col-12 col-md-6"
      >
        <div
          className="p-2 h-100"
          style={
            Object {
              "borderColor": "#000",
              "borderStyle": "solid",
              "borderWidth": 0.5,
            }
          }
        >
          <div>
            Item(s) Description
          </div>
          <pre
            className="p-2"
          >
            <div />
          </pre>
        </div>
      </div>
      <div
        className="col-12 col-md-6"
      >
        <div
          className="p-2 h-100"
          style={
            Object {
              "borderColor": "#000",
              "borderStyle": "solid",
              "borderWidth": 0.5,
            }
          }
        >
          <div>
            Quantity/ Gross Weight
          </div>
          <pre
            className="p-2"
          >
            <div>
              undefined undefined
            </div>
          </pre>
        </div>
      </div>
      <div
        className="col-12 col-md-6"
      >
        <div
          className="h-100"
        >
          <div
            className="row h-100"
          >
            <div
              className="col-4 h-100 p-2"
              style={
                Object {
                  "borderColor": "#000",
                  "borderStyle": "solid",
                  "borderWidth": 0.5,
                }
              }
            >
              Country of Origin of Goods
            </div>
            <pre
              className="col-8 h-100 p-2"
              style={
                Object {
                  "borderColor": "#000",
                  "borderStyle": "solid",
                  "borderWidth": 0.5,
                }
              }
            >
              <div />
            </pre>
          </div>
        </div>
      </div>
      <div
        className="col-12 col-md-6"
      >
        <div
          className="h-100"
        >
          <div
            className="row h-100"
          >
            <div
              className="col-4 h-100 p-2"
              style={
                Object {
                  "borderColor": "#000",
                  "borderStyle": "solid",
                  "borderWidth": 0.5,
                }
              }
            >
              Outward Bill of Lading No./ Air Waybill No.
            </div>
            <pre
              className="col-8 h-100 p-2"
              style={
                Object {
                  "borderColor": "#000",
                  "borderStyle": "solid",
                  "borderWidth": 0.5,
                }
              }
            >
              <div />
            </pre>
          </div>
        </div>
      </div>
      <div
        className="col-12 col-md-6"
      >
        <div
          className="h-100"
        >
          <div
            className="row h-100"
          >
            <div
              className="col-4 h-100 p-2"
              style={
                Object {
                  "borderColor": "#000",
                  "borderStyle": "solid",
                  "borderWidth": 0.5,
                }
              }
            >
              Date of Discharge in Singapore
            </div>
            <pre
              className="col-8 h-100 p-2"
              style={
                Object {
                  "borderColor": "#000",
                  "borderStyle": "solid",
                  "borderWidth": 0.5,
                }
              }
            >
              <div />
            </pre>
          </div>
        </div>
      </div>
      <div
        className="col-12 col-md-6"
      >
        <div
          className="h-100"
        >
          <div
            className="row h-100"
          >
            <div
              className="col-4 h-100 p-2"
              style={
                Object {
                  "borderColor": "#000",
                  "borderStyle": "solid",
                  "borderWidth": 0.5,
                }
              }
            >
              Date of Departure from Singapore
            </div>
            <pre
              className="col-8 h-100 p-2"
              style={
                Object {
                  "borderColor": "#000",
                  "borderStyle": "solid",
                  "borderWidth": 0.5,
                }
              }
            >
              <div />
            </pre>
          </div>
        </div>
      </div>
      <div
        className="col-12 col-md-6"
      >
        <div
          className="h-100"
        >
          <div
            className="row h-100"
          >
            <div
              className="col-4 h-100 p-2"
              style={
                Object {
                  "borderColor": "#000",
                  "borderStyle": "solid",
                  "borderWidth": 0.5,
                }
              }
            >
              Country of Final Destination
            </div>
            <pre
              className="col-8 h-100 p-2"
              style={
                Object {
                  "borderColor": "#000",
                  "borderStyle": "solid",
                  "borderWidth": 0.5,
                }
              }
            >
              <div />
            </pre>
          </div>
        </div>
      </div>
      <div
        className="col-12 col-md-6"
      >
        <div
          className="h-100"
        >
          <div
            className="row h-100"
          >
            <div
              className="col-4 h-100 p-2"
              style={
                Object {
                  "borderColor": "#000",
                  "borderStyle": "solid",
                  "borderWidth": 0.5,
                }
              }
            >
              Outgoing Vessel/ Vehicle/ Flight No.
            </div>
            <pre
              className="col-8 h-100 p-2"
              style={
                Object {
                  "borderColor": "#000",
                  "borderStyle": "solid",
                  "borderWidth": 0.5,
                }
              }
            >
              <div />
            </pre>
          </div>
        </div>
      </div>
    </div>
    <div
      className="row"
    >
      <div
        className="p-2 w-100"
        style={
          Object {
            "borderColor": "#000",
            "borderStyle": "solid",
            "borderWidth": 0.5,
          }
        }
      >
        <strong>
          3. Declaration by Shipping Agent/Freight Forwarder
        </strong>
      </div>
      <div
        className="w-100 p-2"
        style={
          Object {
            "borderColor": "#000",
            "borderStyle": "solid",
            "borderWidth": 0.5,
          }
        }
      >
        <div
          className="w-100"
        >
          I/We undertake that
          <div
            className="pl-2"
          >
            a) the goods indicated, when transhipped via Singapore, will not undergo operations beyond the following:
          </div>
          <div
            className="pl-4"
          >
            i. ensuring the preservation of goods in good condition for the purpose of transport or storage;
          </div>
          <div
            className="pl-4"
          >
            ii. facilitating shipment or transportation; and
          </div>
          <div
            className="pl-4"
          >
            iii. packaging or presenting goods for sale.
          </div>
          <div
            className="pl-2"
          >
            b) all the information provided is true and correct.
          </div>
        </div>
        <div
          className="col-12 col-md-6 pt-4"
        >
          <div
            className="row"
          >
            <div
              className="col-4"
            >
              Name:
            </div>
            <div
              className="col-8"
            />
          </div>
          <div
            className="row"
          >
            <div
              className="col-4"
            >
              Designation::
            </div>
            <div
              className="col-8"
            />
          </div>
          <div
            className="row"
          >
            <div
              className="col-4"
            >
              Date:
            </div>
            <div
              className="col-8"
            />
          </div>
        </div>
        (This is an electronically submitted declaration. No signature is required.)
      </div>
    </div>
    <div
      className="row"
    >
      <div
        className="p-2 w-100"
        style={
          Object {
            "borderColor": "#000",
            "borderStyle": "solid",
            "borderWidth": 0.5,
          }
        }
      >
        <strong>
          4. Certification by Singapore Customs
        </strong>
      </div>
      <div
        className="w-100 p-2"
        style={
          Object {
            "borderColor": "#000",
            "borderStyle": "solid",
            "borderWidth": 0.5,
          }
        }
      >
        <div
          className="row"
        >
          <div>
            We certify that, to the best of our knowledge, the declaration by the shipping agent/ freight forwarder is true and correct.
          </div>
          <div>
            This Certificate is issued without any prejudice or liability whatsoever on our part arising from any circumstances.
          </div>
        </div>
        <div
          className="row"
        >
          <div
            className="col-12 col-md-6"
          >
            <div
              className="row"
            >
              <div
                className="col-4"
              >
                Authorised Signature:
              </div>
              <div
                className="col-8"
              >
                <img
                  style={
                    Object {
                      "height": "auto",
                      "width": 100,
                    }
                  }
                />
              </div>
            </div>
            <div
              className="row"
            >
              <div
                className="col-4"
              >
                Name:
              </div>
              <div
                className="col-8"
              />
            </div>
            <div
              className="row"
            >
              <div
                className="col-4"
              >
                Designation::
              </div>
              <div
                className="col-8"
              />
            </div>
            <div
              className="row"
            >
              <div
                className="col-4"
              >
                Date:
              </div>
              <div
                className="col-8"
              />
            </div>
          </div>
          <div
            className="col-12 col-md-6 text-center"
          >
            <img
              style={
                Object {
                  "height": "auto",
                  "width": 100,
                }
              }
            />
            <div>
              (Stamp)
            </div>
          </div>
        </div>
      </div>
    </div>
  </div>
</div>
`;
