// Jest Snapshot v1, https://goo.gl/fbAQLP

exports[`default template matches snapshot 1`] = `
<div
  className="container"
>
  <div
    className="d-flex flex-column"
    style={
      Object {
        "borderColor": "#000",
        "borderStyle": "solid",
        "borderWidth": 0.5,
      }
    }
  >
    <div
      className="d-flex"
    >
      <div
        className="p-2 col-6"
        style={
          Object {
            "borderColor": "#000",
            "borderStyle": "solid",
            "borderWidth": 0.5,
          }
        }
      >
        <img
          src="https://upload.wikimedia.org/wikipedia/commons/e/e1/M%C3%A6rsk_Line_logo.svg"
          style={
            Object {
              "width": "100%",
            }
          }
        />
      </div>
      <div
        className="d-flex col-6"
      >
        <div
          className="d-flex"
          style={
            Object {
              "flex": 1,
            }
          }
        >
          <div
            className="p-2"
            style={
              Object {
                "borderColor": "#000",
                "borderStyle": "solid",
                "borderWidth": 0.5,
                "flex": 5,
              }
            }
          >
            <strong>
              BILL OF LADING FOR OCEAN TRANSPORT OR MULTIMODAL TRANSPORT
            </strong>
          </div>
          <div
            className="d-flex flex-column"
            style={
              Object {
                "flex": 3,
              }
            }
          >
            <div
              className="p-2"
              style={
                Object {
                  "borderColor": "#000",
                  "borderStyle": "solid",
                  "borderWidth": 0.5,
                  "flex": 1,
                }
              }
            >
              SCAC 
              <strong>
                MAEU
              </strong>
            </div>
            <div
              className="p-2"
              style={
                Object {
                  "borderColor": "#000",
                  "borderStyle": "solid",
                  "borderWidth": 0.5,
                  "flex": 1,
                }
              }
            >
              B/L No 
              <strong />
            </div>
          </div>
        </div>
      </div>
    </div>
    <div
      className="d-flex"
    >
      <div
        className="p-2 col-6"
        style={
          Object {
            "borderColor": "#000",
            "borderStyle": "solid",
            "borderWidth": 0.5,
          }
        }
      >
        <div
          style={
            Object {
              "fontSize": "0.8em",
            }
          }
        >
          Shipper
        </div>
        <div
          className="p-2 m-2"
        >
          <div />
          <div />
          <div />
        </div>
      </div>
      <div
        className="col-6 d-flex flex-column justify-content-between"
      >
        <div
          className="p-1"
          style={
            Object {
              "borderColor": "#000",
              "borderStyle": "solid",
              "borderWidth": 0.5,
              "flex": 1,
            }
          }
        >
          <div
            style={
              Object {
                "fontSize": "0.8em",
              }
            }
          >
            Booking No
          </div>
          <div />
        </div>
        <div
          className="p-1"
          style={
            Object {
              "borderColor": "#000",
              "borderStyle": "solid",
              "borderWidth": 0.5,
              "flex": 1,
            }
          }
        >
          <div
            style={
              Object {
                "fontSize": "0.8em",
              }
            }
          >
            Export references
          </div>
        </div>
        <div
          className="p-1"
          style={
            Object {
              "borderColor": "#000",
              "borderStyle": "solid",
              "borderWidth": 0.5,
              "flex": 1,
            }
          }
        >
          <div
            style={
              Object {
                "fontSize": "0.8em",
              }
            }
          >
            Onward inland routing (Not part of Carriage as defined in clasuse 1. For account and risk of Merchant)
          </div>
        </div>
      </div>
    </div>
    <div
      className="d-flex"
    >
      <div
        className="p-2 col-6"
        style={
          Object {
            "borderColor": "#000",
            "borderStyle": "solid",
            "borderWidth": 0.5,
          }
        }
      >
        <div
          style={
            Object {
              "fontSize": "0.8em",
            }
          }
        >
          Consignee (negotiable is consiged "to order", "to order of" a named Person or "to order of bearer")
        </div>
        <div
          className="p-2 m-2"
        >
          <div>
            TO THE ORDER OF
          </div>
          <div />
        </div>
      </div>
      <div
        className="p-2 col-6"
        style={
          Object {
            "borderColor": "#000",
            "borderStyle": "solid",
            "borderWidth": 0.5,
          }
        }
      >
        <div
          style={
            Object {
              "fontSize": "0.8em",
            }
          }
        >
          Notify Party (see clause 22)
        </div>
        <div
          className="p-2 m-2"
        >
          <div />
        </div>
         
      </div>
    </div>
    <div
      className="d-flex"
    >
      <div
        className="col-3 p-2"
        style={
          Object {
            "borderColor": "#000",
            "borderStyle": "solid",
            "borderWidth": 0.5,
          }
        }
      >
        <div
          style={
            Object {
              "fontSize": "0.8em",
            }
          }
        >
          Vessel (see clause 1 + 19)
        </div>
      </div>
      <div
        className="col-3 p-2"
        style={
          Object {
            "borderColor": "#000",
            "borderStyle": "solid",
            "borderWidth": 0.5,
          }
        }
      >
        <div
          style={
            Object {
              "fontSize": "0.8em",
            }
          }
        >
          Voyage No.
        </div>
      </div>
      <div
        className="col-6 p-2"
        style={
          Object {
            "borderColor": "#000",
            "borderStyle": "solid",
            "borderWidth": 0.5,
          }
        }
      >
        <div
          style={
            Object {
              "fontSize": "0.8em",
            }
          }
        >
          Place of Receipt. Applicable only when document used as Multimodal Transport B/L (see clause 1)
        </div>
      </div>
    </div>
    <div
      className="d-flex"
    >
      <div
        className="col-3 p-2"
        style={
          Object {
            "borderColor": "#000",
            "borderStyle": "solid",
            "borderWidth": 0.5,
          }
        }
      >
        <div
          style={
            Object {
              "fontSize": "0.8em",
            }
          }
        >
          Port of Loading
        </div>
      </div>
      <div
        className="col-3 p-2"
        style={
          Object {
            "borderColor": "#000",
            "borderStyle": "solid",
            "borderWidth": 0.5,
          }
        }
      >
        <div
          style={
            Object {
              "fontSize": "0.8em",
            }
          }
        >
          Port of Discharge
        </div>
      </div>
      <div
        className="col-6 p-2"
        style={
          Object {
            "borderColor": "#000",
            "borderStyle": "solid",
            "borderWidth": 0.5,
          }
        }
      >
        <div
          style={
            Object {
              "fontSize": "0.8em",
            }
          }
        >
          Place of Delivery. Applicable only when document used as Multimodal Transport B/L (see clause 1)
        </div>
      </div>
    </div>
  </div>
  <br />
  <div
    className="text-center"
  >
    <strong>
      PARTICULARS FURNISHED BY SHIPPER
    </strong>
  </div>
  <div
    className="row"
    style={
      Object {
        "borderColor": "#000",
        "borderStyle": "solid",
        "borderWidth": 0.5,
      }
    }
  >
    <div
      className="col-8 p-2"
      style={
        Object {
          "borderColor": "#000",
          "borderStyle": "solid",
          "borderWidth": 0.5,
        }
      }
    >
      <div
        style={
          Object {
            "fontSize": "0.8em",
          }
        }
      >
        Kind of Packages: Description of goods, Marks and Numbers: Container No./Serial No.
      </div>
      <div
        className="mt-2"
        style={
          Object {
            "fontSize": "0.8em",
          }
        }
      >
        Above particulars as declared by Shipper, but without responsibility of our representation by Carrier (see clause 14)
      </div>
    </div>
    <div
      className="col-2 p-2"
      style={
        Object {
          "borderColor": "#000",
          "borderStyle": "solid",
          "borderWidth": 0.5,
        }
      }
    >
      <div
        style={
          Object {
            "fontSize": "0.8em",
          }
        }
      >
        Weight
      </div>
    </div>
    <div
      className="col-2 p-2"
      style={
        Object {
          "borderColor": "#000",
          "borderStyle": "solid",
          "borderWidth": 0.5,
        }
      }
    >
      <div
        style={
          Object {
            "fontSize": "0.8em",
          }
        }
      >
        Measurement
      </div>
    </div>
  </div>
  <br />
  <div
    style={
      Object {
        "borderColor": "#000",
        "borderStyle": "solid",
        "borderWidth": 0.5,
      }
    }
  >
    <div
      className="row"
    >
      <div
        className="col-3 p-2"
        style={
          Object {
            "borderColor": "#000",
            "borderStyle": "solid",
            "borderWidth": 0.5,
            "minHeight": 100,
          }
        }
      >
        <div
          style={
            Object {
              "fontSize": "0.8em",
            }
          }
        >
          Freight & Charges
        </div>
      </div>
      <div
        className="col-2 p-2"
        style={
          Object {
            "borderColor": "#000",
            "borderStyle": "solid",
            "borderWidth": 0.5,
            "minHeight": 100,
          }
        }
      >
        <div
          style={
            Object {
              "fontSize": "0.8em",
            }
          }
        >
          Rule
        </div>
      </div>
      <div
        className="col-2 p-2"
        style={
          Object {
            "borderColor": "#000",
            "borderStyle": "solid",
            "borderWidth": 0.5,
            "minHeight": 100,
          }
        }
      >
        <div
          style={
            Object {
              "fontSize": "0.8em",
            }
          }
        >
          Unit
        </div>
      </div>
      <div
        className="col-1 p-2"
        style={
          Object {
            "borderColor": "#000",
            "borderStyle": "solid",
            "borderWidth": 0.5,
            "minHeight": 100,
          }
        }
      >
        <div
          style={
            Object {
              "fontSize": "0.8em",
            }
          }
        >
          Currency
        </div>
      </div>
      <div
        className="col-2 p-2"
        style={
          Object {
            "borderColor": "#000",
            "borderStyle": "solid",
            "borderWidth": 0.5,
            "minHeight": 100,
          }
        }
      >
        <div
          style={
            Object {
              "fontSize": "0.8em",
            }
          }
        >
          Prepaid
        </div>
      </div>
      <div
        className="col-2 p-2"
        style={
          Object {
            "borderColor": "#000",
            "borderStyle": "solid",
            "borderWidth": 0.5,
            "minHeight": 100,
          }
        }
      >
        <div
          style={
            Object {
              "fontSize": "0.8em",
            }
          }
        >
          Collect
        </div>
      </div>
    </div>
    <div
      className="row"
    >
      <div
        className="col-6 d-flex flex-column"
      >
        <div
          className="d-flex"
          style={
            Object {
              "flex": 1,
            }
          }
        >
          <div
            className="p-2 col-6"
            style={
              Object {
                "borderColor": "#000",
                "borderStyle": "solid",
                "borderWidth": 0.5,
              }
            }
          >
            <div
              style={
                Object {
                  "fontSize": "0.8em",
                }
              }
            >
              Carrier's Receipt (see clause 1 and 14). Total number of containers or packages received by Carrier.
            </div>
            <div>
              1 container
            </div>
          </div>
          <div
            className="d-flex flex-column col-6"
          >
            <div
              className="p-2"
              style={
                Object {
                  "borderColor": "#000",
                  "borderStyle": "solid",
                  "borderWidth": 0.5,
                  "flex": 1,
                }
              }
            >
              <div
                style={
                  Object {
                    "fontSize": "0.8em",
                  }
                }
              >
                Place of Issue of B/L
              </div>
            </div>
          </div>
        </div>
        <div
          className="d-flex"
          style={
            Object {
              "flex": 1,
            }
          }
        >
          <div
            className="p-2 col-6"
            style={
              Object {
                "borderColor": "#000",
                "borderStyle": "solid",
                "borderWidth": 0.5,
              }
            }
          >
            <div
              style={
                Object {
                  "fontSize": "0.8em",
                }
              }
            >
              Number & Sequence of Original B(s)/L
            </div>
            THREE/3
          </div>
          <div
            className="d-flex flex-column col-6"
          >
            <div
              className="p-2"
              style={
                Object {
                  "borderColor": "#000",
                  "borderStyle": "solid",
                  "borderWidth": 0.5,
                  "flex": 1,
                }
              }
            >
              <div
                style={
                  Object {
                    "fontSize": "0.8em",
                  }
                }
              >
                Date of Issue of B/L
              </div>
            </div>
          </div>
        </div>
        <div
          className="d-flex"
          style={
            Object {
              "flex": 1,
            }
          }
        >
          <div
            className="p-2 col-6"
            style={
              Object {
                "borderColor": "#000",
                "borderStyle": "solid",
                "borderWidth": 0.5,
              }
            }
          >
            <div
              style={
                Object {
                  "fontSize": "0.8em",
                }
              }
            >
              Declared Value (see clause 7.3)
            </div>
          </div>
          <div
            className="d-flex flex-column col-6"
          >
            <div
              className="p-2"
              style={
                Object {
                  "borderColor": "#000",
                  "borderStyle": "solid",
                  "borderWidth": 0.5,
                  "flex": 1,
                }
              }
            >
              <div
                style={
                  Object {
                    "fontSize": "0.8em",
                  }
                }
              >
                Shipped on Board Date (Local Time)
              </div>
            </div>
          </div>
        </div>
      </div>
      <div
        className="col-6 p-2"
        style={
          Object {
            "borderColor": "#000",
            "borderStyle": "solid",
            "borderWidth": 0.5,
          }
        }
      >
        <div>
          <div
            style={
              Object {
                "fontSize": "0.8em",
              }
            }
          >
            Lorem ipsum dolor sit amet, consectetur adipiscing elit, sed do eiusmod tempor incididunt ut labore et dolore magna aliqua. Sagittis id consectetur purus ut faucibus. Diam quam nulla porttitor massa. Eu tincidunt tortor aliquam nulla facilisi cras fermentum. Amet mauris commodo quis imperdiet massa tincidunt. Luctus accumsan tortor posuere ac ut. Eu volutpat odio facilisis mauris sit amet massa vitae tortor. Eros donec ac odio tempor orci dapibus. Varius morbi enim nunc faucibus a pellentesque sit amet. Velit aliquet sagittis id consectetur purus ut. Porta non pulvinar neque laoreet suspendisse interdum consectetur libero. Odio ut sem nulla pharetra diam sit. Nunc sed augue lacus viverra vitae congue eu consequat ac. Eros in cursus turpis massa tincidunt dui ut ornare lectus.
          </div>
        </div>
        <div
          className="text-center mt-3 mb-5"
        >
          <strong>
            <div
              style={
                Object {
                  "fontSize": "0.8em",
                }
              }
            >
              Signed for the Carrier A.P. Moller - Maersk A/S trading as Maersk Line
            </div>
          </strong>
        </div>
        <hr />
        <div
          className="text-center mt-2"
        >
          <strong>
            <div
              style={
                Object {
                  "fontSize": "0.8em",
                }
              }
            >
              As Agent(s) for the Carrier
            </div>
          </strong>
        </div>
      </div>
    </div>
  </div>
</div>
`;
